../Core/Src/main.c:82:6:HAL_TIM_PWM_PulseFinishedCallback	16	static
../Core/Src/main.c:87:6:updateRGBStrip	16	static
../Core/Src/main.c:112:6:parseRGBData	16	static
../Core/Src/main.c:144:6:HAL_UART_RxCpltCallback	16	static
../Core/Src/main.c:159:5:main	8	static
../Core/Src/main.c:205:6:SystemClock_Config	96	static
../Core/Src/main.c:246:13:MX_TIM3_Init	64	static
../Core/Src/main.c:301:13:MX_USART1_UART_Init	8	static
../Core/Src/main.c:332:13:MX_DMA_Init	16	static
../Core/Src/main.c:352:13:MX_GPIO_Init	48	static
../Core/Src/main.c:380:6:Error_Handler	8	static,ignoring_inline_asm
